aws_mixed,aws_negative,aws_neutral,aws_positive,aws_sentiment,id
0.07009565830230713,0.0008921491098590195,0.09940413385629654,0.8296080231666565,POSITIVE,1
0.2226356565952301,0.5686514973640442,0.037764787673950195,0.17094801366329193,NEGATIVE,2
0.030806897208094597,0.03816733881831169,0.8249551653862,0.10607059299945831,NEUTRAL,3
0.009661787189543247,0.026334425434470177,0.8997037410736084,0.06430011987686157,NEUTRAL,4
0.08932878822088242,0.0034786073956638575,0.08086888492107391,0.8263237476348877,POSITIVE,5
0.10249777138233185,0.02760845050215721,0.11965476721525192,0.7502390146255493,POSITIVE,6
0.14758895337581635,0.14615075290203094,0.47563424706459045,0.23062610626220703,NEUTRAL,7
