google_emotion,google_score,id,google_scaled
1.5,0.7,1,0.85
1.0,-0.3,2,0.35
0.4,-0.4,3,0.3
0.1,0.0,4,0.5
3.3,0.1,5,0.55
3.4,0.8,6,0.9
1.3,0.4,7,0.7
